// Jest Snapshot v1, https://goo.gl/fbAQLP

exports[`Exchange  Exchange renders correctly 1`] = `
<ContextProvider
  value={null}
>
  <NewExchangePage
    balance={Array []}
    dispatch={[Function]}
    exchangeHistory={Array []}
    loading={false}
    store={
      Object {
        "clearActions": [Function],
        "dispatch": [Function],
        "getActions": [Function],
        "getState": [Function],
        "replaceReducer": [Function],
        "subscribe": [Function],
      }
    }
  />
</ContextProvider>
`;
